Scope: all 15 workspace projects
Lockfile is up to date, resolution step is skipped
Already up to date
 WARN  Failed to create bin at /Users/citius/Desktop/Work/Stoneforge/.stoneforge/.worktrees/core/e-worker-1-gate-failures-quarry-scaling/apps/quarry-server/node_modules/.bin/sf. ENOENT: no such file or directory, open '/Users/citius/Desktop/Work/Stoneforge/.stoneforge/.worktrees/core/e-worker-1-gate-failures-quarry-scaling/packages/quarry/dist/bin/sf.js'
 WARN  Failed to create bin at /Users/citius/Desktop/Work/Stoneforge/.stoneforge/.worktrees/core/e-worker-1-gate-failures-quarry-scaling/apps/quarry-server/node_modules/.bin/stoneforge. ENOENT: no such file or directory, open '/Users/citius/Desktop/Work/Stoneforge/.stoneforge/.worktrees/core/e-worker-1-gate-failures-quarry-scaling/packages/quarry/dist/bin/sf.js'
 WARN  Failed to create bin at /Users/citius/Desktop/Work/Stoneforge/.stoneforge/.worktrees/core/e-worker-1-gate-failures-quarry-scaling/apps/quarry-web/node_modules/.bin/sf. ENOENT: no such file or directory, open '/Users/citius/Desktop/Work/Stoneforge/.stoneforge/.worktrees/core/e-worker-1-gate-failures-quarry-scaling/packages/quarry/dist/bin/sf.js'
 WARN  Failed to create bin at /Users/citius/Desktop/Work/Stoneforge/.stoneforge/.worktrees/core/e-worker-1-gate-failures-quarry-scaling/apps/quarry-web/node_modules/.bin/stoneforge. ENOENT: no such file or directory, open '/Users/citius/Desktop/Work/Stoneforge/.stoneforge/.worktrees/core/e-worker-1-gate-failures-quarry-scaling/packages/quarry/dist/bin/sf.js'
 WARN  Failed to create bin at /Users/citius/Desktop/Work/Stoneforge/.stoneforge/.worktrees/core/e-worker-1-gate-failures-quarry-scaling/apps/smithy-web/node_modules/.bin/stoneforge. ENOENT: no such file or directory, open '/Users/citius/Desktop/Work/Stoneforge/.stoneforge/.worktrees/core/e-worker-1-gate-failures-quarry-scaling/packages/quarry/dist/bin/sf.js'
 WARN  Failed to create bin at /Users/citius/Desktop/Work/Stoneforge/.stoneforge/.worktrees/core/e-worker-1-gate-failures-quarry-scaling/apps/smithy-web/node_modules/.bin/sf. ENOENT: no such file or directory, open '/Users/citius/Desktop/Work/Stoneforge/.stoneforge/.worktrees/core/e-worker-1-gate-failures-quarry-scaling/packages/quarry/dist/bin/sf.js'
 WARN  Failed to create bin at /Users/citius/Desktop/Work/Stoneforge/.stoneforge/.worktrees/core/e-worker-1-gate-failures-quarry-scaling/apps/smithy-server/node_modules/.bin/sf. ENOENT: no such file or directory, open '/Users/citius/Desktop/Work/Stoneforge/.stoneforge/.worktrees/core/e-worker-1-gate-failures-quarry-scaling/packages/quarry/dist/bin/sf.js'
 WARN  Failed to create bin at /Users/citius/Desktop/Work/Stoneforge/.stoneforge/.worktrees/core/e-worker-1-gate-failures-quarry-scaling/apps/smithy-server/node_modules/.bin/stoneforge. ENOENT: no such file or directory, open '/Users/citius/Desktop/Work/Stoneforge/.stoneforge/.worktrees/core/e-worker-1-gate-failures-quarry-scaling/packages/quarry/dist/bin/sf.js'
 WARN  Failed to create bin at /Users/citius/Desktop/Work/Stoneforge/.stoneforge/.worktrees/core/e-worker-1-gate-failures-quarry-scaling/packages/smithy/node_modules/.bin/sf. ENOENT: no such file or directory, open '/Users/citius/Desktop/Work/Stoneforge/.stoneforge/.worktrees/core/e-worker-1-gate-failures-quarry-scaling/packages/quarry/dist/bin/sf.js'
 WARN  Failed to create bin at /Users/citius/Desktop/Work/Stoneforge/.stoneforge/.worktrees/core/e-worker-1-gate-failures-quarry-scaling/packages/smithy/node_modules/.bin/stoneforge. ENOENT: no such file or directory, open '/Users/citius/Desktop/Work/Stoneforge/.stoneforge/.worktrees/core/e-worker-1-gate-failures-quarry-scaling/packages/quarry/dist/bin/sf.js'
 WARN  Failed to create bin at /Users/citius/Desktop/Work/Stoneforge/.stoneforge/.worktrees/core/e-worker-1-gate-failures-quarry-scaling/apps/desktop/node_modules/.bin/stoneforge. ENOENT: no such file or directory, open '/Users/citius/Desktop/Work/Stoneforge/.stoneforge/.worktrees/core/e-worker-1-gate-failures-quarry-scaling/packages/quarry/dist/bin/sf.js'
 WARN  Failed to create bin at /Users/citius/Desktop/Work/Stoneforge/.stoneforge/.worktrees/core/e-worker-1-gate-failures-quarry-scaling/apps/desktop/node_modules/.bin/sf. ENOENT: no such file or directory, open '/Users/citius/Desktop/Work/Stoneforge/.stoneforge/.worktrees/core/e-worker-1-gate-failures-quarry-scaling/packages/quarry/dist/bin/sf.js'

. postinstall$ node packages/smithy/scripts/fix-node-pty-permissions.cjs
. postinstall: [postinstall] Fixed permissions: node-pty/prebuilds/darwin-arm64/spawn-helper
. postinstall: [postinstall] Fixed permissions: node-pty/prebuilds/darwin-x64/spawn-helper
. postinstall: Done
 WARN  Failed to create bin at /Users/citius/Desktop/Work/Stoneforge/.stoneforge/.worktrees/core/e-worker-1-gate-failures-quarry-scaling/apps/quarry-server/node_modules/.bin/stoneforge. ENOENT: no such file or directory, open '/Users/citius/Desktop/Work/Stoneforge/.stoneforge/.worktrees/core/e-worker-1-gate-failures-quarry-scaling/apps/quarry-server/node_modules/@stoneforge/quarry/dist/bin/sf.js'
 WARN  Failed to create bin at /Users/citius/Desktop/Work/Stoneforge/.stoneforge/.worktrees/core/e-worker-1-gate-failures-quarry-scaling/apps/quarry-server/node_modules/.bin/sf. ENOENT: no such file or directory, open '/Users/citius/Desktop/Work/Stoneforge/.stoneforge/.worktrees/core/e-worker-1-gate-failures-quarry-scaling/apps/quarry-server/node_modules/@stoneforge/quarry/dist/bin/sf.js'
 WARN  Failed to create bin at /Users/citius/Desktop/Work/Stoneforge/.stoneforge/.worktrees/core/e-worker-1-gate-failures-quarry-scaling/packages/smithy/node_modules/.bin/sf. ENOENT: no such file or directory, open '/Users/citius/Desktop/Work/Stoneforge/.stoneforge/.worktrees/core/e-worker-1-gate-failures-quarry-scaling/packages/smithy/node_modules/@stoneforge/quarry/dist/bin/sf.js'
 WARN  Failed to create bin at /Users/citius/Desktop/Work/Stoneforge/.stoneforge/.worktrees/core/e-worker-1-gate-failures-quarry-scaling/packages/smithy/node_modules/.bin/stoneforge. ENOENT: no such file or directory, open '/Users/citius/Desktop/Work/Stoneforge/.stoneforge/.worktrees/core/e-worker-1-gate-failures-quarry-scaling/packages/smithy/node_modules/@stoneforge/quarry/dist/bin/sf.js'
 WARN  Failed to create bin at /Users/citius/Desktop/Work/Stoneforge/.stoneforge/.worktrees/core/e-worker-1-gate-failures-quarry-scaling/apps/quarry-web/node_modules/.bin/stoneforge. ENOENT: no such file or directory, open '/Users/citius/Desktop/Work/Stoneforge/.stoneforge/.worktrees/core/e-worker-1-gate-failures-quarry-scaling/apps/quarry-web/node_modules/@stoneforge/quarry/dist/bin/sf.js'
 WARN  Failed to create bin at /Users/citius/Desktop/Work/Stoneforge/.stoneforge/.worktrees/core/e-worker-1-gate-failures-quarry-scaling/apps/quarry-web/node_modules/.bin/sf. ENOENT: no such file or directory, open '/Users/citius/Desktop/Work/Stoneforge/.stoneforge/.worktrees/core/e-worker-1-gate-failures-quarry-scaling/apps/quarry-web/node_modules/@stoneforge/quarry/dist/bin/sf.js'
 WARN  Failed to create bin at /Users/citius/Desktop/Work/Stoneforge/.stoneforge/.worktrees/core/e-worker-1-gate-failures-quarry-scaling/apps/smithy-web/node_modules/.bin/sf. ENOENT: no such file or directory, open '/Users/citius/Desktop/Work/Stoneforge/.stoneforge/.worktrees/core/e-worker-1-gate-failures-quarry-scaling/apps/smithy-web/node_modules/@stoneforge/quarry/dist/bin/sf.js'
 WARN  Failed to create bin at /Users/citius/Desktop/Work/Stoneforge/.stoneforge/.worktrees/core/e-worker-1-gate-failures-quarry-scaling/apps/smithy-web/node_modules/.bin/stoneforge. ENOENT: no such file or directory, open '/Users/citius/Desktop/Work/Stoneforge/.stoneforge/.worktrees/core/e-worker-1-gate-failures-quarry-scaling/apps/smithy-web/node_modules/@stoneforge/quarry/dist/bin/sf.js'
packages/smithy postinstall$ node scripts/fix-node-pty-permissions.cjs
packages/smithy postinstall: [postinstall] Fixed permissions: node-pty/prebuilds/darwin-arm64/spawn-helper
packages/smithy postinstall: [postinstall] Fixed permissions: node-pty/prebuilds/darwin-x64/spawn-helper
packages/smithy postinstall: Done
 WARN  Failed to create bin at /Users/citius/Desktop/Work/Stoneforge/.stoneforge/.worktrees/core/e-worker-1-gate-failures-quarry-scaling/apps/smithy-server/node_modules/.bin/stoneforge. ENOENT: no such file or directory, open '/Users/citius/Desktop/Work/Stoneforge/.stoneforge/.worktrees/core/e-worker-1-gate-failures-quarry-scaling/apps/smithy-server/node_modules/@stoneforge/quarry/dist/bin/sf.js'
 WARN  Failed to create bin at /Users/citius/Desktop/Work/Stoneforge/.stoneforge/.worktrees/core/e-worker-1-gate-failures-quarry-scaling/apps/smithy-server/node_modules/.bin/sf. ENOENT: no such file or directory, open '/Users/citius/Desktop/Work/Stoneforge/.stoneforge/.worktrees/core/e-worker-1-gate-failures-quarry-scaling/apps/smithy-server/node_modules/@stoneforge/quarry/dist/bin/sf.js'
 WARN  Failed to create bin at /Users/citius/Desktop/Work/Stoneforge/.stoneforge/.worktrees/core/e-worker-1-gate-failures-quarry-scaling/apps/desktop/node_modules/.bin/stoneforge. ENOENT: no such file or directory, open '/Users/citius/Desktop/Work/Stoneforge/.stoneforge/.worktrees/core/e-worker-1-gate-failures-quarry-scaling/apps/desktop/node_modules/@stoneforge/quarry/dist/bin/sf.js'
 WARN  Failed to create bin at /Users/citius/Desktop/Work/Stoneforge/.stoneforge/.worktrees/core/e-worker-1-gate-failures-quarry-scaling/apps/desktop/node_modules/.bin/sf. ENOENT: no such file or directory, open '/Users/citius/Desktop/Work/Stoneforge/.stoneforge/.worktrees/core/e-worker-1-gate-failures-quarry-scaling/apps/desktop/node_modules/@stoneforge/quarry/dist/bin/sf.js'
Done in 3.7s
